// Jest Snapshot v1, https://goo.gl/fbAQLP

exports[`User should render 1`] = `
<div
  className="user"
>
  <img
    alt="User Avatar"
    className="user__avatar"
    src="https://example.com"
  />
  <div
    className="user__info"
  >
    <span
      className="user__name"
    >
      John
    </span>
    <span
      className="user__location"
    >
      Planet Earth
    </span>
  </div>
</div>
`;
